// Jest Snapshot v1, https://goo.gl/fbAQLP

exports[`should render MyAutoComplete correctly 1`] = `
<div
  className="ant-select ant-select-auto-complete ant-select-single ant-select-show-search"
  data-testid="auto-complete-input"
  onBlur={[Function]}
  onFocus={[Function]}
  onKeyDown={[Function]}
  onKeyUp={[Function]}
  onMouseDown={[Function]}
  style={
    Object {
      "width": 200,
    }
  }
>
  <div
    className="ant-select-selector"
    onClick={[Function]}
    onMouseDown={[Function]}
  >
    <span
      className="ant-select-selection-search"
    >
      <input
        aria-activedescendant="undefined_list_0"
        aria-autocomplete="list"
        aria-controls="undefined_list"
        aria-haspopup="listbox"
        aria-owns="undefined_list"
        autoComplete="off"
        className="ant-select-selection-search-input"
        data-testid="auto-complete-input"
        onChange={[Function]}
        onKeyDown={[Function]}
        onMouseDown={[Function]}
        onPaste={[Function]}
        readOnly={false}
        role="combobox"
        style={
          Object {
            "opacity": null,
          }
        }
        unselectable={null}
        value=""
      />
    </span>
    <span
      className="ant-select-selection-placeholder"
    >
      Try VietNam
    </span>
  </div>
</div>
`;
